npo1,http://icecast.omroep.nl/radio1-bb-mp3,dutch
npo2,http://icecast.omroep.nl/radio2-bb-mp3,dutch
npo3,http://icecast.omroep.nl/radio3-bb-mp3,dutch
npo4,http://icecast.omroep.nl/radio4-bb-mp3,dutch
npo5,http://icecast.omroep.nl/radio5-bb-mp3,dutch
funx,http://icecast.omroep.nl/funx-bb-mp3,dutch
qmusic,http://icecast-qmusic.cdp.triple-it.nl/Qmusic_nl_live_96.mp3,dutch
radio10,http://17873.live.streamtheworld.com/RADIO10.mp3,dutch
slam,http://538hls.lswcdn.triple-it.nl/content/slamfm/1510961901-4-48000-192000-index.m3u8,dutch
bnr,http://icecast.omroep.nl/3fm-sb-mp3,dutch
538,http://playerservices.streamtheworld.com/api/livestream-redirect/RADIO538.mp3,dutch
npr,http://nprdmp-live01-mp3.akacast.akamaistream.net/7/998/364916/v1/npr.akacast.akamaistream.net/nprdmp_live01_mp3,dutch
wnyc,http://fm939.wnyc.org/wnycfm-web,newyork
thejoyfm,http://209.85.88.199:10040/;,international
knkx,http://209.85.88.199:10040/;,international
kmuw,http://kmuw-streamer.wichita.edu:8000/kmuwmobile,us
wucf,http://stream.wucf.org:8000/jazz-64-aac,international
veronica,http://20403.live.streamtheworld.com/VERONICA.mp3?tdtok=eyJ0eXAiOiJKV1QiLCJhbGciOiJIUzI1NiIsImtpZCI6ImZTeXA4In0.eyJpc3MiOiJ0aXNydiIsInN1YiI6IjIxMDY0IiwiaWF0IjoxNTE2NTQzNzcyLCJ0ZC1yZWciOmZhbHNlfQ.GSlXfGzCM_s6wqVpppxy-1Y22BSYGVIfvz1uO437MZ8,dutch
hardstylefm,http://hardstylefm.shoutcaststream.com:8280/stream,international
intenseradio,http://stream.intenseradio.net:8000/live,international
hardcorepower,http://hardcorepower.shoutcaststream.com:8022/;,international
538party,http://19113.live.streamtheworld.com/TLPSTR16.mp3?tdtok=eyJ0eXAiOiJKV1QiLCJhbGciOiJIUzI1NiIsImtpZCI6ImZTeXA4In0.eyJpc3MiOiJ0aXNydiIsInN1YiI6IjIxMDY0IiwiaWF0IjoxNTE2NTQzOTMyLCJ0ZC1yZWciOmZhbHNlfQ.JMvELp3va7UQdY-SfduuDUSETu16ezhu_wbO89qsIpc,dutch
40up,http://radio.40up.nl/40up1,dutch
countryroads,http://rfcmedia.streamguys1.com/countryroads.mp3?aw_0_1st.playerid=RadioTime&aw_0_1st.skey=1516544063,international
1fmblues,http://strm112.1.fm/blues_mobile_mp3,international
92blues,http://centova.rockhost.com:8054/92blues,international
rock181,http://listen.181fm.com/181-rock_128k.mp3,international
dancefmlive,http://199.175.55.249:8000/;,international
